---
source: dc/s2n-quic-dc/src/testing.rs
expression: logs
---
0:00:00.000000000 [endpoint::tasks::tests::idle_wheel::send_idle_wheel_expires_inactive_context] TRACE metric_call: s2n_quic_dc::metric: new op="timer.start_at"
0:00:00.000000000 [endpoint::tasks::tests::idle_wheel::send_idle_wheel_expires_inactive_context] TRACE metric_call: s2n_quic_dc::metric: timer.start_at metric_id=21 metric_label=task.idle_wheel.time metric_variant=Some("send.0") bach_start=Instant(0) op="timer.start_at"
0:00:00.000000000 [endpoint::tasks::tests::idle_wheel::send_idle_wheel_expires_inactive_context] TRACE metric_call: s2n_quic_dc::metric: new op="summary.record_value"
0:00:00.000000000 [endpoint::tasks::tests::idle_wheel::send_idle_wheel_expires_inactive_context] TRACE metric_call: s2n_quic_dc::metric: summary.record_value metric_id=20 metric_label=task.idle_wheel.drained metric_variant=Some("send.0") value=1 op="summary.record_value"
0:00:00.000000000 [endpoint::tasks::tests::idle_wheel::send_idle_wheel_expires_inactive_context] TRACE metric_call: s2n_quic_dc::metric: new op="timer_guard.record"
0:00:00.000000000 [endpoint::tasks::tests::idle_wheel::send_idle_wheel_expires_inactive_context] TRACE metric_call: s2n_quic_dc::metric: timer_guard.record metric_id=21 metric_label=task.idle_wheel.time metric_variant=Some("send.0") bach_start=Instant(0) bach_now=Instant(0) bach_duration=0ns op="timer_guard.record"
0:00:00.000000000 [endpoint::tasks::tests::idle_wheel::send_idle_wheel_expires_inactive_context] TRACE metric_call: s2n_quic_dc::metric: new op="timer.record"
0:00:00.000000000 [endpoint::tasks::tests::idle_wheel::send_idle_wheel_expires_inactive_context] TRACE metric_call: s2n_quic_dc::metric: timer.record metric_id=22 metric_label=task.idle_wheel.next_poll_latency metric_variant=Some("send.0") bach_now=Instant(0) op="timer.record"
0:00:00.000000000 [endpoint::tasks::tests::idle_wheel::send_idle_wheel_expires_inactive_context] TRACE metric_call: s2n_quic_dc::metric: new op="timer.start_at"
0:00:00.000000000 [endpoint::tasks::tests::idle_wheel::send_idle_wheel_expires_inactive_context] TRACE metric_call: s2n_quic_dc::metric: timer.start_at metric_id=21 metric_label=task.idle_wheel.time metric_variant=Some("send.0") bach_start=Instant(0) op="timer.start_at"
0:00:00.000000000 [endpoint::tasks::tests::idle_wheel::send_idle_wheel_expires_inactive_context] TRACE metric_call: s2n_quic_dc::metric: new op="summary.record_value"
0:00:00.000000000 [endpoint::tasks::tests::idle_wheel::send_idle_wheel_expires_inactive_context] TRACE metric_call: s2n_quic_dc::metric: summary.record_value metric_id=20 metric_label=task.idle_wheel.drained metric_variant=Some("send.0") value=0 op="summary.record_value"
0:00:00.000000000 [endpoint::tasks::tests::idle_wheel::send_idle_wheel_expires_inactive_context] TRACE metric_call: s2n_quic_dc::metric: new op="timer_guard.record"
0:00:00.000000000 [endpoint::tasks::tests::idle_wheel::send_idle_wheel_expires_inactive_context] TRACE metric_call: s2n_quic_dc::metric: timer_guard.record metric_id=21 metric_label=task.idle_wheel.time metric_variant=Some("send.0") bach_start=Instant(0) bach_now=Instant(0) bach_duration=0ns op="timer_guard.record"
0:00:00.000000000 [endpoint::tasks::tests::idle_wheel::send_idle_wheel_expires_inactive_context] TRACE metric_call: s2n_quic_dc::metric: new op="timer.record"
0:00:00.000000000 [endpoint::tasks::tests::idle_wheel::send_idle_wheel_expires_inactive_context] TRACE metric_call: s2n_quic_dc::metric: timer.record metric_id=22 metric_label=task.idle_wheel.next_poll_latency metric_variant=Some("send.0") bach_now=Instant(0) op="timer.record"
0:00:00.000000000 [endpoint::tasks::tests::idle_wheel::send_idle_wheel_expires_inactive_context] TRACE metric_call: s2n_quic_dc::metric: new op="timer.start_at"
0:00:00.000000000 [endpoint::tasks::tests::idle_wheel::send_idle_wheel_expires_inactive_context] TRACE metric_call: s2n_quic_dc::metric: timer.start_at metric_id=21 metric_label=task.idle_wheel.time metric_variant=Some("send.0") bach_start=Instant(0) op="timer.start_at"
0:00:00.000000000 [endpoint::tasks::tests::idle_wheel::send_idle_wheel_expires_inactive_context] TRACE metric_call: s2n_quic_dc::metric: new op="summary.record_value"
0:00:00.000000000 [endpoint::tasks::tests::idle_wheel::send_idle_wheel_expires_inactive_context] TRACE metric_call: s2n_quic_dc::metric: summary.record_value metric_id=20 metric_label=task.idle_wheel.drained metric_variant=Some("send.0") value=0 op="summary.record_value"
0:00:00.000000000 [endpoint::tasks::tests::idle_wheel::send_idle_wheel_expires_inactive_context] TRACE metric_call: s2n_quic_dc::metric: new op="timer_guard.record"
0:00:00.000000000 [endpoint::tasks::tests::idle_wheel::send_idle_wheel_expires_inactive_context] TRACE metric_call: s2n_quic_dc::metric: timer_guard.record metric_id=21 metric_label=task.idle_wheel.time metric_variant=Some("send.0") bach_start=Instant(0) bach_now=Instant(0) bach_duration=0ns op="timer_guard.record"
0:00:30.000000000 [endpoint::tasks::tests::idle_wheel::send_idle_wheel_expires_inactive_context] TRACE metric_call: s2n_quic_dc::metric: new op="timer.record"
0:00:30.000000000 [endpoint::tasks::tests::idle_wheel::send_idle_wheel_expires_inactive_context] TRACE metric_call: s2n_quic_dc::metric: timer.record metric_id=22 metric_label=task.idle_wheel.next_poll_latency metric_variant=Some("send.0") bach_now=Instant(30) op="timer.record"
0:00:30.000000000 [endpoint::tasks::tests::idle_wheel::send_idle_wheel_expires_inactive_context] TRACE metric_call: s2n_quic_dc::metric: new op="timer.start_at"
0:00:30.000000000 [endpoint::tasks::tests::idle_wheel::send_idle_wheel_expires_inactive_context] TRACE metric_call: s2n_quic_dc::metric: timer.start_at metric_id=21 metric_label=task.idle_wheel.time metric_variant=Some("send.0") bach_start=Instant(30) op="timer.start_at"
0:00:30.000000000 [endpoint::tasks::tests::idle_wheel::send_idle_wheel_expires_inactive_context] TRACE metric_call: s2n_quic_dc::metric: new op="counter.add"
0:00:30.000000000 [endpoint::tasks::tests::idle_wheel::send_idle_wheel_expires_inactive_context] TRACE metric_call: s2n_quic_dc::metric: counter.add metric_id=24 metric_label=test.idle_wheel.receiver metric_variant=Some("task.wheel_drain") value=1 op="counter.add"
0:00:30.000000000 [endpoint::tasks::tests::idle_wheel::send_idle_wheel_expires_inactive_context] TRACE metric_call: s2n_quic_dc::metric: new op="queue.dequeue_n"
0:00:30.000000000 [endpoint::tasks::tests::idle_wheel::send_idle_wheel_expires_inactive_context] TRACE metric_call:metric_call: s2n_quic_dc::metric: new op="queue.dequeue_n" op="counter.add"
0:00:30.000000000 [endpoint::tasks::tests::idle_wheel::send_idle_wheel_expires_inactive_context] TRACE metric_call:metric_call: s2n_quic_dc::metric: counter.add metric_id=14 metric_label=test.idle_wheel.drain metric_variant=None value=1 op="queue.dequeue_n" op="counter.add"
0:00:30.000000000 [endpoint::tasks::tests::idle_wheel::send_idle_wheel_expires_inactive_context] TRACE metric_call:metric_call: s2n_quic_dc::metric: new op="queue.dequeue_n" op="gauge.sub"
0:00:30.000000000 [endpoint::tasks::tests::idle_wheel::send_idle_wheel_expires_inactive_context] TRACE metric_call:metric_call: s2n_quic_dc::metric: gauge.sub metric_id=15 metric_label=test.idle_wheel.depth metric_variant=None delta=1 value=-1 op="queue.dequeue_n" op="gauge.sub"
0:00:30.000000000 [endpoint::tasks::tests::idle_wheel::send_idle_wheel_expires_inactive_context] TRACE metric_call: s2n_quic_dc::metric: queue.dequeue_n count=1 depth=0 op="queue.dequeue_n"
0:00:30.000000000 [endpoint::tasks::tests::idle_wheel::send_idle_wheel_expires_inactive_context] TRACE metric_call: s2n_quic_dc::metric: new op="counter.add"
0:00:30.000000000 [endpoint::tasks::tests::idle_wheel::send_idle_wheel_expires_inactive_context] TRACE metric_call: s2n_quic_dc::metric: counter.add metric_id=23 metric_label=test.idle_wheel.sender metric_variant=Some("task.send_idle_wheel_drain") value=1 op="counter.add"
0:00:30.000000000 [endpoint::tasks::tests::idle_wheel::send_idle_wheel_expires_inactive_context] TRACE metric_call: s2n_quic_dc::metric: new op="queue.enqueue"
0:00:30.000000000 [endpoint::tasks::tests::idle_wheel::send_idle_wheel_expires_inactive_context] TRACE metric_call:metric_call: s2n_quic_dc::metric: new op="queue.enqueue" op="counter.add"
0:00:30.000000000 [endpoint::tasks::tests::idle_wheel::send_idle_wheel_expires_inactive_context] TRACE metric_call:metric_call: s2n_quic_dc::metric: counter.add metric_id=13 metric_label=test.idle_wheel.enq metric_variant=None value=1 op="queue.enqueue" op="counter.add"
0:00:30.000000000 [endpoint::tasks::tests::idle_wheel::send_idle_wheel_expires_inactive_context] TRACE metric_call:metric_call: s2n_quic_dc::metric: new op="queue.enqueue" op="gauge.add"
0:00:30.000000000 [endpoint::tasks::tests::idle_wheel::send_idle_wheel_expires_inactive_context] TRACE metric_call:metric_call: s2n_quic_dc::metric: gauge.add metric_id=15 metric_label=test.idle_wheel.depth metric_variant=None delta=1 value=0 op="queue.enqueue" op="gauge.add"
0:00:30.000000000 [endpoint::tasks::tests::idle_wheel::send_idle_wheel_expires_inactive_context] TRACE metric_call: s2n_quic_dc::metric: queue.enqueue count=1 depth=0 op="queue.enqueue"
0:00:30.000000000 [endpoint::tasks::tests::idle_wheel::send_idle_wheel_expires_inactive_context] TRACE metric_call:metric_call: s2n_quic_dc::metric: new op="queue.enqueue" op="summary.record_value"
0:00:30.000000000 [endpoint::tasks::tests::idle_wheel::send_idle_wheel_expires_inactive_context] TRACE metric_call:metric_call: s2n_quic_dc::metric: summary.record_value metric_id=16 metric_label=test.idle_wheel.depth_dist metric_variant=None value=0 op="queue.enqueue" op="summary.record_value"
0:00:30.000000000 [endpoint::tasks::tests::idle_wheel::send_idle_wheel_expires_inactive_context] TRACE metric_call: s2n_quic_dc::metric: new op="counter.add"
0:00:30.000000000 [endpoint::tasks::tests::idle_wheel::send_idle_wheel_expires_inactive_context] TRACE metric_call: s2n_quic_dc::metric: counter.add metric_id=18 metric_label=idle.send.rescheduled metric_variant=None value=1 op="counter.add"
0:00:30.000000000 [endpoint::tasks::tests::idle_wheel::send_idle_wheel_expires_inactive_context] TRACE metric_call: s2n_quic_dc::metric: new op="summary.record_value"
0:00:30.000000000 [endpoint::tasks::tests::idle_wheel::send_idle_wheel_expires_inactive_context] TRACE metric_call: s2n_quic_dc::metric: summary.record_value metric_id=20 metric_label=task.idle_wheel.drained metric_variant=Some("send.0") value=1 op="summary.record_value"
0:00:30.000000000 [endpoint::tasks::tests::idle_wheel::send_idle_wheel_expires_inactive_context] TRACE metric_call: s2n_quic_dc::metric: new op="timer_guard.record"
0:00:30.000000000 [endpoint::tasks::tests::idle_wheel::send_idle_wheel_expires_inactive_context] TRACE metric_call: s2n_quic_dc::metric: timer_guard.record metric_id=21 metric_label=task.idle_wheel.time metric_variant=Some("send.0") bach_start=Instant(30) bach_now=Instant(30) bach_duration=0ns op="timer_guard.record"
0:00:30.000000000 [endpoint::tasks::tests::idle_wheel::send_idle_wheel_expires_inactive_context] TRACE metric_call: s2n_quic_dc::metric: new op="timer.record"
0:00:30.000000000 [endpoint::tasks::tests::idle_wheel::send_idle_wheel_expires_inactive_context] TRACE metric_call: s2n_quic_dc::metric: timer.record metric_id=22 metric_label=task.idle_wheel.next_poll_latency metric_variant=Some("send.0") bach_now=Instant(30) op="timer.record"
0:00:30.000000000 [endpoint::tasks::tests::idle_wheel::send_idle_wheel_expires_inactive_context] TRACE metric_call: s2n_quic_dc::metric: new op="timer.start_at"
0:00:30.000000000 [endpoint::tasks::tests::idle_wheel::send_idle_wheel_expires_inactive_context] TRACE metric_call: s2n_quic_dc::metric: timer.start_at metric_id=21 metric_label=task.idle_wheel.time metric_variant=Some("send.0") bach_start=Instant(30) op="timer.start_at"
0:00:30.000000000 [endpoint::tasks::tests::idle_wheel::send_idle_wheel_expires_inactive_context] TRACE metric_call: s2n_quic_dc::metric: new op="summary.record_value"
0:00:30.000000000 [endpoint::tasks::tests::idle_wheel::send_idle_wheel_expires_inactive_context] TRACE metric_call: s2n_quic_dc::metric: summary.record_value metric_id=20 metric_label=task.idle_wheel.drained metric_variant=Some("send.0") value=0 op="summary.record_value"
0:00:30.000000000 [endpoint::tasks::tests::idle_wheel::send_idle_wheel_expires_inactive_context] TRACE metric_call: s2n_quic_dc::metric: new op="timer_guard.record"
0:00:30.000000000 [endpoint::tasks::tests::idle_wheel::send_idle_wheel_expires_inactive_context] TRACE metric_call: s2n_quic_dc::metric: timer_guard.record metric_id=21 metric_label=task.idle_wheel.time metric_variant=Some("send.0") bach_start=Instant(30) bach_now=Instant(30) bach_duration=0ns op="timer_guard.record"
0:01:00.000000000 [endpoint::tasks::tests::idle_wheel::send_idle_wheel_expires_inactive_context] TRACE metric_call: s2n_quic_dc::metric: new op="timer.record"
0:01:00.000000000 [endpoint::tasks::tests::idle_wheel::send_idle_wheel_expires_inactive_context] TRACE metric_call: s2n_quic_dc::metric: timer.record metric_id=22 metric_label=task.idle_wheel.next_poll_latency metric_variant=Some("send.0") bach_now=Instant(1:00) op="timer.record"
0:01:00.000000000 [endpoint::tasks::tests::idle_wheel::send_idle_wheel_expires_inactive_context] TRACE metric_call: s2n_quic_dc::metric: new op="timer.start_at"
0:01:00.000000000 [endpoint::tasks::tests::idle_wheel::send_idle_wheel_expires_inactive_context] TRACE metric_call: s2n_quic_dc::metric: timer.start_at metric_id=21 metric_label=task.idle_wheel.time metric_variant=Some("send.0") bach_start=Instant(1:00) op="timer.start_at"
0:01:00.000000000 [endpoint::tasks::tests::idle_wheel::send_idle_wheel_expires_inactive_context] TRACE metric_call: s2n_quic_dc::metric: new op="counter.add"
0:01:00.000000000 [endpoint::tasks::tests::idle_wheel::send_idle_wheel_expires_inactive_context] TRACE metric_call: s2n_quic_dc::metric: counter.add metric_id=24 metric_label=test.idle_wheel.receiver metric_variant=Some("task.wheel_drain") value=1 op="counter.add"
0:01:00.000000000 [endpoint::tasks::tests::idle_wheel::send_idle_wheel_expires_inactive_context] TRACE metric_call: s2n_quic_dc::metric: new op="queue.dequeue_n"
0:01:00.000000000 [endpoint::tasks::tests::idle_wheel::send_idle_wheel_expires_inactive_context] TRACE metric_call:metric_call: s2n_quic_dc::metric: new op="queue.dequeue_n" op="counter.add"
0:01:00.000000000 [endpoint::tasks::tests::idle_wheel::send_idle_wheel_expires_inactive_context] TRACE metric_call:metric_call: s2n_quic_dc::metric: counter.add metric_id=14 metric_label=test.idle_wheel.drain metric_variant=None value=1 op="queue.dequeue_n" op="counter.add"
0:01:00.000000000 [endpoint::tasks::tests::idle_wheel::send_idle_wheel_expires_inactive_context] TRACE metric_call:metric_call: s2n_quic_dc::metric: new op="queue.dequeue_n" op="gauge.sub"
0:01:00.000000000 [endpoint::tasks::tests::idle_wheel::send_idle_wheel_expires_inactive_context] TRACE metric_call:metric_call: s2n_quic_dc::metric: gauge.sub metric_id=15 metric_label=test.idle_wheel.depth metric_variant=None delta=1 value=-1 op="queue.dequeue_n" op="gauge.sub"
0:01:00.000000000 [endpoint::tasks::tests::idle_wheel::send_idle_wheel_expires_inactive_context] TRACE metric_call: s2n_quic_dc::metric: queue.dequeue_n count=1 depth=0 op="queue.dequeue_n"
0:01:00.000000000 [endpoint::tasks::tests::idle_wheel::send_idle_wheel_expires_inactive_context] TRACE metric_call: s2n_quic_dc::metric: new op="counter.add"
0:01:00.000000000 [endpoint::tasks::tests::idle_wheel::send_idle_wheel_expires_inactive_context] TRACE metric_call: s2n_quic_dc::metric: counter.add metric_id=17 metric_label=idle.send.expired metric_variant=None value=1 op="counter.add"
0:01:00.000000000 [endpoint::tasks::tests::idle_wheel::send_idle_wheel_expires_inactive_context] TRACE metric_call: s2n_quic_dc::metric: new op="timer.record"
0:01:00.000000000 [endpoint::tasks::tests::idle_wheel::send_idle_wheel_expires_inactive_context] TRACE metric_call: s2n_quic_dc::metric: timer.record metric_id=19 metric_label=idle.send.lifetime metric_variant=Some("send.0") bach_now=Instant(1:00) op="timer.record"
0:01:00.000000000 [endpoint::tasks::tests::idle_wheel::send_idle_wheel_expires_inactive_context] TRACE metric_call: s2n_quic_dc::metric: new op="summary.record_value"
0:01:00.000000000 [endpoint::tasks::tests::idle_wheel::send_idle_wheel_expires_inactive_context] TRACE metric_call: s2n_quic_dc::metric: summary.record_value metric_id=20 metric_label=task.idle_wheel.drained metric_variant=Some("send.0") value=0 op="summary.record_value"
0:01:00.000000000 [endpoint::tasks::tests::idle_wheel::send_idle_wheel_expires_inactive_context] TRACE metric_call: s2n_quic_dc::metric: new op="timer_guard.record"
0:01:00.000000000 [endpoint::tasks::tests::idle_wheel::send_idle_wheel_expires_inactive_context] TRACE metric_call: s2n_quic_dc::metric: timer_guard.record metric_id=21 metric_label=task.idle_wheel.time metric_variant=Some("send.0") bach_start=Instant(1:00) bach_now=Instant(1:00) bach_duration=0ns op="timer_guard.record"
