---
source: dc/s2n-quic-dc/src/testing.rs
expression: logs
---
0:00:00.000000000 [endpoint::tasks::tests::frame_dispatch::sender_drop_shuts_down] TRACE metric_call: s2n_quic_dc::metric: timer.start_at metric_label=task.priority_router.time bach_start=Instant(0) op="timer.start_at"
0:00:00.000000000 [endpoint::tasks::tests::frame_dispatch::sender_drop_shuts_down] TRACE metric_call: s2n_quic_dc::metric: summary.record_value metric_label=task.priority_router.drained value=0 op="summary.record_value"
0:00:00.000000000 [endpoint::tasks::tests::frame_dispatch::sender_drop_shuts_down] TRACE metric_call: s2n_quic_dc::metric: timer_guard.record metric_label=task.priority_router.time op="timer_guard.record"
0:00:00.000000000 [endpoint::tasks::tests::frame_dispatch::sender_drop_shuts_down] TRACE metric_call: s2n_quic_dc::metric: timer.start_at metric_label=task.frame_dispatch.time bach_start=Instant(0) op="timer.start_at"
0:00:00.000000000 [endpoint::tasks::tests::frame_dispatch::sender_drop_shuts_down] TRACE metric_call: s2n_quic_dc::metric: summary.record_value metric_label=task.frame_dispatch.drained value=0 op="summary.record_value"
0:00:00.000000000 [endpoint::tasks::tests::frame_dispatch::sender_drop_shuts_down] TRACE metric_call: s2n_quic_dc::metric: timer_guard.record metric_label=task.frame_dispatch.time op="timer_guard.record"
0:00:00.000000000 [endpoint::tasks::tests::frame_dispatch::sender_drop_shuts_down] TRACE metric_call: s2n_quic_dc::metric: timer.record metric_label=task.priority_router.next_poll_latency bach_now=Instant(0) op="timer.record"
0:00:00.000000000 [endpoint::tasks::tests::frame_dispatch::sender_drop_shuts_down] TRACE metric_call: s2n_quic_dc::metric: timer.start_at metric_label=task.priority_router.time bach_start=Instant(0) op="timer.start_at"
0:00:00.000000000 [endpoint::tasks::tests::frame_dispatch::sender_drop_shuts_down] TRACE metric_call: s2n_quic_dc::metric: summary.record_value metric_label=task.priority_router.drained value=0 op="summary.record_value"
0:00:00.000000000 [endpoint::tasks::tests::frame_dispatch::sender_drop_shuts_down] TRACE metric_call: s2n_quic_dc::metric: timer_guard.record metric_label=task.priority_router.time op="timer_guard.record"
0:00:00.000000000 [endpoint::tasks::tests::frame_dispatch::sender_drop_shuts_down] TRACE metric_call: s2n_quic_dc::metric: timer.record metric_label=task.frame_dispatch.next_poll_latency bach_now=Instant(0) op="timer.record"
0:00:00.000000000 [endpoint::tasks::tests::frame_dispatch::sender_drop_shuts_down] TRACE metric_call: s2n_quic_dc::metric: timer.start_at metric_label=task.frame_dispatch.time bach_start=Instant(0) op="timer.start_at"
0:00:00.000000000 [endpoint::tasks::tests::frame_dispatch::sender_drop_shuts_down] TRACE metric_call: s2n_quic_dc::metric: summary.record_value metric_label=task.frame_dispatch.drained value=0 op="summary.record_value"
0:00:00.000000000 [endpoint::tasks::tests::frame_dispatch::sender_drop_shuts_down] TRACE metric_call: s2n_quic_dc::metric: timer_guard.record metric_label=task.frame_dispatch.time op="timer_guard.record"
