---
source: dc/s2n-quic-dc/src/testing.rs
expression: logs
---
0:00:00.000000000 [endpoint::tasks::tests::invalidation::send_invalidation_purges_cache_and_emits_failed_frames] TRACE metric_call: s2n_quic_dc::metric: new op="queue.enqueue"
0:00:00.000000000 [endpoint::tasks::tests::invalidation::send_invalidation_purges_cache_and_emits_failed_frames] TRACE metric_call:metric_call: s2n_quic_dc::metric: new op="queue.enqueue" op="counter.add"
0:00:00.000000000 [endpoint::tasks::tests::invalidation::send_invalidation_purges_cache_and_emits_failed_frames] TRACE metric_call:metric_call: s2n_quic_dc::metric: counter.add metric_id=9 metric_label=send.pending.enq metric_variant=None value=1 op="queue.enqueue" op="counter.add"
0:00:00.000000000 [endpoint::tasks::tests::invalidation::send_invalidation_purges_cache_and_emits_failed_frames] TRACE metric_call:metric_call: s2n_quic_dc::metric: new op="queue.enqueue" op="gauge.add"
0:00:00.000000000 [endpoint::tasks::tests::invalidation::send_invalidation_purges_cache_and_emits_failed_frames] TRACE metric_call:metric_call: s2n_quic_dc::metric: gauge.add metric_id=11 metric_label=send.pending.depth metric_variant=None delta=1 value=1 op="queue.enqueue" op="gauge.add"
0:00:00.000000000 [endpoint::tasks::tests::invalidation::send_invalidation_purges_cache_and_emits_failed_frames] TRACE metric_call: s2n_quic_dc::metric: queue.enqueue count=1 depth=1 op="queue.enqueue"
0:00:00.000000000 [endpoint::tasks::tests::invalidation::send_invalidation_purges_cache_and_emits_failed_frames] TRACE metric_call:metric_call: s2n_quic_dc::metric: new op="queue.enqueue" op="summary.record_value"
0:00:00.000000000 [endpoint::tasks::tests::invalidation::send_invalidation_purges_cache_and_emits_failed_frames] TRACE metric_call:metric_call: s2n_quic_dc::metric: summary.record_value metric_id=12 metric_label=send.pending.depth_dist metric_variant=None value=1 op="queue.enqueue" op="summary.record_value"
0:00:00.000000000 [endpoint::tasks::tests::invalidation::send_invalidation_purges_cache_and_emits_failed_frames] TRACE metric_call: s2n_quic_dc::metric: new op="queue.dequeue"
0:00:00.000000000 [endpoint::tasks::tests::invalidation::send_invalidation_purges_cache_and_emits_failed_frames] TRACE metric_call:metric_call: s2n_quic_dc::metric: new op="queue.dequeue" op="counter.add"
0:00:00.000000000 [endpoint::tasks::tests::invalidation::send_invalidation_purges_cache_and_emits_failed_frames] TRACE metric_call:metric_call: s2n_quic_dc::metric: counter.add metric_id=10 metric_label=send.pending.drain metric_variant=None value=1 op="queue.dequeue" op="counter.add"
0:00:00.000000000 [endpoint::tasks::tests::invalidation::send_invalidation_purges_cache_and_emits_failed_frames] TRACE metric_call:metric_call: s2n_quic_dc::metric: new op="queue.dequeue" op="gauge.sub"
0:00:00.000000000 [endpoint::tasks::tests::invalidation::send_invalidation_purges_cache_and_emits_failed_frames] TRACE metric_call:metric_call: s2n_quic_dc::metric: gauge.sub metric_id=11 metric_label=send.pending.depth metric_variant=None delta=1 value=0 op="queue.dequeue" op="gauge.sub"
0:00:00.000000000 [endpoint::tasks::tests::invalidation::send_invalidation_purges_cache_and_emits_failed_frames] TRACE metric_call: s2n_quic_dc::metric: queue.dequeue depth=0 op="queue.dequeue"
