---
source: dc/s2n-quic-dc/src/testing.rs
expression: logs
---
0:00:00.000000000 [endpoint::tasks::tests::frame_dispatch::sender_drop_shuts_down] TRACE metric_call: s2n_quic_dc::metric: new op="timer.start_at"
0:00:00.000000000 [endpoint::tasks::tests::frame_dispatch::sender_drop_shuts_down] TRACE metric_call: s2n_quic_dc::metric: timer.start_at metric_id=27 metric_label=task.priority_router.time metric_variant=None bach_start=Instant(0) op="timer.start_at"
0:00:00.000000000 [endpoint::tasks::tests::frame_dispatch::sender_drop_shuts_down] TRACE metric_call: s2n_quic_dc::metric: new op="summary.record_value"
0:00:00.000000000 [endpoint::tasks::tests::frame_dispatch::sender_drop_shuts_down] TRACE metric_call: s2n_quic_dc::metric: summary.record_value metric_id=26 metric_label=task.priority_router.drained metric_variant=None value=0 op="summary.record_value"
0:00:00.000000000 [endpoint::tasks::tests::frame_dispatch::sender_drop_shuts_down] TRACE metric_call: s2n_quic_dc::metric: new op="timer_guard.record"
0:00:00.000000000 [endpoint::tasks::tests::frame_dispatch::sender_drop_shuts_down] TRACE metric_call: s2n_quic_dc::metric: timer_guard.record metric_id=27 metric_label=task.priority_router.time metric_variant=None bach_start=Instant(0) bach_now=Instant(0) bach_duration=0ns op="timer_guard.record"
0:00:00.000000000 [endpoint::tasks::tests::frame_dispatch::sender_drop_shuts_down] TRACE metric_call: s2n_quic_dc::metric: new op="timer.start_at"
0:00:00.000000000 [endpoint::tasks::tests::frame_dispatch::sender_drop_shuts_down] TRACE metric_call: s2n_quic_dc::metric: timer.start_at metric_id=36 metric_label=task.frame_dispatch.time metric_variant=None bach_start=Instant(0) op="timer.start_at"
0:00:00.000000000 [endpoint::tasks::tests::frame_dispatch::sender_drop_shuts_down] TRACE metric_call: s2n_quic_dc::metric: new op="summary.record_value"
0:00:00.000000000 [endpoint::tasks::tests::frame_dispatch::sender_drop_shuts_down] TRACE metric_call: s2n_quic_dc::metric: summary.record_value metric_id=35 metric_label=task.frame_dispatch.drained metric_variant=None value=0 op="summary.record_value"
0:00:00.000000000 [endpoint::tasks::tests::frame_dispatch::sender_drop_shuts_down] TRACE metric_call: s2n_quic_dc::metric: new op="timer_guard.record"
0:00:00.000000000 [endpoint::tasks::tests::frame_dispatch::sender_drop_shuts_down] TRACE metric_call: s2n_quic_dc::metric: timer_guard.record metric_id=36 metric_label=task.frame_dispatch.time metric_variant=None bach_start=Instant(0) bach_now=Instant(0) bach_duration=0ns op="timer_guard.record"
0:00:00.000000000 [endpoint::tasks::tests::frame_dispatch::sender_drop_shuts_down] TRACE metric_call: s2n_quic_dc::metric: new op="timer.record"
0:00:00.000000000 [endpoint::tasks::tests::frame_dispatch::sender_drop_shuts_down] TRACE metric_call: s2n_quic_dc::metric: timer.record metric_id=28 metric_label=task.priority_router.next_poll_latency metric_variant=None bach_now=Instant(0) op="timer.record"
0:00:00.000000000 [endpoint::tasks::tests::frame_dispatch::sender_drop_shuts_down] TRACE metric_call: s2n_quic_dc::metric: new op="timer.start_at"
0:00:00.000000000 [endpoint::tasks::tests::frame_dispatch::sender_drop_shuts_down] TRACE metric_call: s2n_quic_dc::metric: timer.start_at metric_id=27 metric_label=task.priority_router.time metric_variant=None bach_start=Instant(0) op="timer.start_at"
0:00:00.000000000 [endpoint::tasks::tests::frame_dispatch::sender_drop_shuts_down] TRACE metric_call: s2n_quic_dc::metric: new op="summary.record_value"
0:00:00.000000000 [endpoint::tasks::tests::frame_dispatch::sender_drop_shuts_down] TRACE metric_call: s2n_quic_dc::metric: summary.record_value metric_id=26 metric_label=task.priority_router.drained metric_variant=None value=0 op="summary.record_value"
0:00:00.000000000 [endpoint::tasks::tests::frame_dispatch::sender_drop_shuts_down] TRACE metric_call: s2n_quic_dc::metric: new op="timer_guard.record"
0:00:00.000000000 [endpoint::tasks::tests::frame_dispatch::sender_drop_shuts_down] TRACE metric_call: s2n_quic_dc::metric: timer_guard.record metric_id=27 metric_label=task.priority_router.time metric_variant=None bach_start=Instant(0) bach_now=Instant(0) bach_duration=0ns op="timer_guard.record"
0:00:00.000000000 [endpoint::tasks::tests::frame_dispatch::sender_drop_shuts_down] TRACE metric_call: s2n_quic_dc::metric: new op="timer.record"
0:00:00.000000000 [endpoint::tasks::tests::frame_dispatch::sender_drop_shuts_down] TRACE metric_call: s2n_quic_dc::metric: timer.record metric_id=37 metric_label=task.frame_dispatch.next_poll_latency metric_variant=None bach_now=Instant(0) op="timer.record"
0:00:00.000000000 [endpoint::tasks::tests::frame_dispatch::sender_drop_shuts_down] TRACE metric_call: s2n_quic_dc::metric: new op="timer.start_at"
0:00:00.000000000 [endpoint::tasks::tests::frame_dispatch::sender_drop_shuts_down] TRACE metric_call: s2n_quic_dc::metric: timer.start_at metric_id=36 metric_label=task.frame_dispatch.time metric_variant=None bach_start=Instant(0) op="timer.start_at"
0:00:00.000000000 [endpoint::tasks::tests::frame_dispatch::sender_drop_shuts_down] TRACE metric_call: s2n_quic_dc::metric: new op="summary.record_value"
0:00:00.000000000 [endpoint::tasks::tests::frame_dispatch::sender_drop_shuts_down] TRACE metric_call: s2n_quic_dc::metric: summary.record_value metric_id=35 metric_label=task.frame_dispatch.drained metric_variant=None value=0 op="summary.record_value"
0:00:00.000000000 [endpoint::tasks::tests::frame_dispatch::sender_drop_shuts_down] TRACE metric_call: s2n_quic_dc::metric: new op="timer_guard.record"
0:00:00.000000000 [endpoint::tasks::tests::frame_dispatch::sender_drop_shuts_down] TRACE metric_call: s2n_quic_dc::metric: timer_guard.record metric_id=36 metric_label=task.frame_dispatch.time metric_variant=None bach_start=Instant(0) bach_now=Instant(0) bach_duration=0ns op="timer_guard.record"
