---
source: dc/s2n-quic-dc/src/stream/send/worker.rs
assertion_line: 59
expression: "State::dot()"
---
digraph {
  label = "s2n_quic_dc::stream::send::worker::waiting::State";
  Acking;
  DetachedDrain;
  DetachedFinSent;
  Finished;
  ShuttingDown;
  Acking -> DetachedFinSent [label = "on_application_detach_fin_sent"];
  Acking -> DetachedDrain [label = "on_application_detach_drain"];
  Acking -> ShuttingDown [label = "on_shutdown"];
  DetachedFinSent -> ShuttingDown [label = "on_shutdown"];
  DetachedDrain -> ShuttingDown [label = "on_shutdown"];
  ShuttingDown -> Finished [label = "on_finished"];
}
